
ACCURACY: 1.000 (64/64)
AVG_LATENCY_MS: 0.015
